=====================
The say_my_name module
=====================

Using the 3-say_my_name function
--------------------------------

passing tests
-------------
>>> say_my_name = __import__('3-say_my_name').say_my_name

>>> say_my_name("John", "Smith")
My name is John Smith


>>> say_my_name("Bob")
My name is Bob


Exceptions
----------
>>> say_my_name(223, "Bob")
Traceback (most recent call last):
TypeError: first_name must be a string


>>> say_my_name("Bob", 223)
Traceback (most recent call last):
TypeError: last_name must be a string


>>> say_my_name(None)
Traceback (most recent call last):
TypeError: first_name must be a string
